layer at (0,0) size 800x600
  RenderView at (0,0) size 800x600
layer at (0,0) size 800x600
  RenderBlock {HTML} at (0,0) size 800x600
    RenderBody {BODY} at (8,8) size 784x584
      RenderText {#text} at (0,0) size 474x19
        text run at (0,0) width 474: "This tests that empty select controls and buttons have the correct baseline."
      RenderBR {BR} at (473,0) size 1x19
      RenderMenuList {SELECT} at (0,25) size 24x20 [color=#007AFF] [bgcolor=#E9E9EA] [border: (1px solid #FFFFFF)]
        RenderBlock (anonymous) at (6,3) size 12x14
          RenderText at (0,0) size 0x14
            text run at (0,0) width 0: " "
      RenderText {#text} at (24,24) size 31x19
        text run at (24,24) width 31: " test "
      RenderMenuList {SELECT} at (54,25) size 46x20 [color=#007AFF] [bgcolor=#E9E9EA] [border: (1px solid #FFFFFF)]
        RenderBlock (anonymous) at (6,3) size 33x14
          RenderText at (0,0) size 21x14
            text run at (0,0) width 21: "test"
      RenderText {#text} at (99,24) size 5x19
        text run at (99,24) width 5: " "
      RenderMenuList {SELECT} at (103,25) size 25x20 [color=#00008B] [bgcolor=#ADD8E6] [border: (1px solid #FFFFFF)]
        RenderBlock (anonymous) at (6,3) size 12x14
          RenderText at (0,0) size 0x14
            text run at (0,0) width 0: " "
      RenderText {#text} at (127,24) size 31x19
        text run at (127,24) width 31: " test "
      RenderMenuList {SELECT} at (157,25) size 46x20 [color=#00008B] [bgcolor=#ADD8E6] [border: (1px solid #FFFFFF)]
        RenderBlock (anonymous) at (6,3) size 33x14
          RenderText at (0,0) size 21x14
            text run at (0,0) width 21: "test"
      RenderText {#text} at (202,24) size 5x19
        text run at (202,24) width 5: " "
      RenderButton {BUTTON} at (206,20) size 25x20 [color=#007AFF] [bgcolor=#E9E9EA] [border: (1px solid #FFFFFF)]
      RenderText {#text} at (230,24) size 5x19
        text run at (230,24) width 5: " "
      RenderButton {BUTTON} at (234,25) size 45x20 [color=#007AFF] [bgcolor=#E9E9EA] [border: (1px solid #FFFFFF)]
        RenderBlock (anonymous) at (12,3) size 21x14
          RenderText {#text} at (0,0) size 21x14
            text run at (0,0) width 21: "test"
      RenderText {#text} at (278,24) size 5x19
        text run at (278,24) width 5: " "
      RenderButton {BUTTON} at (282,38) size 15x2 [color=#00008B] [bgcolor=#ADD8E6] [border: (1px solid #FFFFFF)]
      RenderText {#text} at (296,24) size 5x19
        text run at (296,24) width 5: " "
      RenderButton {BUTTON} at (300,27) size 35x16 [color=#00008B] [bgcolor=#ADD8E6] [border: (1px solid #FFFFFF)]
        RenderBlock (anonymous) at (7,1) size 21x14
          RenderText {#text} at (0,0) size 21x14
            text run at (0,0) width 21: "test"
      RenderText {#text} at (0,0) size 0x0
